NC_001393.1	NZ_CP094749.1	99.654	4333	11	4	1	4331	113	4443	0.0	7915
NC_001393.1	NZ_CP094749.1	100.000	112	0	0	4328	4439	1	112	3.78e-50	207
NC_001393.1	NZ_CP040561.1	99.653	4327	11	4	115	4439	29276	33600	0.0	7904
NC_001393.1	NZ_CP040561.1	100.000	122	0	0	1	122	33601	33722	1.04e-55	226
NC_001393.1	NZ_CP007658.1	99.653	4327	11	4	115	4439	23873	19549	0.0	7904
NC_001393.1	NZ_CP007658.1	100.000	122	0	0	1	122	19548	19427	1.04e-55	226
NC_001393.1	NZ_CP117243.1	99.674	4290	10	4	1	4288	152	4439	0.0	7841
NC_001393.1	NZ_CP117243.1	100.000	151	0	0	4289	4439	1	151	7.90e-72	279
NC_001393.1	NZ_CP043390.1	99.627	4290	12	4	1	4288	152	4439	0.0	7830
NC_001393.1	NZ_CP043390.1	100.000	151	0	0	4289	4439	1	151	7.90e-72	279
NC_001393.1	NZ_CP043393.1	99.627	4290	12	4	1	4288	152	4439	0.0	7830
NC_001393.1	NZ_CP043393.1	100.000	151	0	0	4289	4439	1	151	7.90e-72	279
NC_001393.1	NZ_CP043387.1	99.627	4290	12	4	1	4288	152	4439	0.0	7830
NC_001393.1	NZ_CP043387.1	100.000	151	0	0	4289	4439	1	151	7.90e-72	279
NC_001393.1	NC_006629.2	99.648	4260	10	5	1	4257	183	4440	0.0	7779
NC_001393.1	NC_006629.2	100.000	182	0	0	4258	4439	1	182	4.62e-89	337
NC_001393.1	NZ_CP017683.1	99.620	4209	12	4	233	4439	39249	35043	0.0	7681
NC_001393.1	NZ_CP017683.1	100.000	122	0	0	1	122	35042	34921	1.04e-55	226
NC_001393.1	NZ_CP017683.1	100.000	118	0	0	115	232	118	1	1.75e-53	219
NC_001393.1	NZ_CP130527.1	99.680	4062	9	4	380	4439	6169	10228	0.0	7426
NC_001393.1	NZ_CP130527.1	99.680	4062	9	4	380	4439	27840	31899	0.0	7426
NC_001393.1	NZ_CP130527.1	99.742	388	1	0	1	388	10229	10616	0.0	712
NC_001393.1	NZ_CP130527.1	99.742	388	1	0	1	388	31900	32287	0.0	712
NC_001393.1	NZ_CP130519.1	99.680	4062	9	4	380	4439	22020	17961	0.0	7426
NC_001393.1	NZ_CP130519.1	99.742	388	1	0	1	388	17960	17573	0.0	712
NC_001393.1	NZ_CP083435.1	99.680	4062	9	4	380	4439	14941	19000	0.0	7426
NC_001393.1	NZ_CP083435.1	99.742	388	1	0	1	388	19001	19388	0.0	712
NC_001393.1	NZ_CP053184.1	99.680	4062	9	4	380	4439	5672	1613	0.0	7426
NC_001393.1	NZ_CP053184.1	99.742	388	1	0	1	388	1612	1225	0.0	712
NC_001393.1	NZ_CP045473.1	99.680	4062	9	4	380	4439	22023	17964	0.0	7426
NC_001393.1	NZ_CP045473.1	99.742	388	1	0	1	388	17963	17576	0.0	712
NC_001393.1	NZ_CP039996.1	99.680	4062	9	4	380	4439	12366	16425	0.0	7426
NC_001393.1	NZ_CP039996.1	99.742	388	1	0	1	388	16426	16813	0.0	712
NC_001393.1	NZ_CP131664.1	99.655	4062	10	4	380	4439	18595	22654	0.0	7420
NC_001393.1	NZ_CP131664.1	99.742	388	1	0	1	388	22655	23042	0.0	712
NC_001393.1	NZ_CP130521.1	99.655	4062	10	4	380	4439	24889	20830	0.0	7420
NC_001393.1	NZ_CP130521.1	99.742	388	1	0	1	388	20829	20442	0.0	712
NC_001393.1	NZ_CP010403.1	99.702	4032	8	4	410	4439	27946	23917	0.0	7376
NC_001393.1	NZ_CP010403.1	97.561	82	2	0	1	82	23916	23835	3.89e-30	141
NC_001393.1	NZ_CP120003.1	99.650	3996	10	4	446	4439	1	3994	0.0	7299
NC_001393.1	NZ_CP120003.1	99.781	457	1	0	1	457	3995	4451	0.0	839
NC_001393.1	NZ_CP092826.1	99.674	3987	9	4	455	4439	21957	17973	0.0	7287
NC_001393.1	NZ_CP092826.1	99.742	388	1	0	1	388	17972	17585	0.0	712
NC_001393.1	NZ_CP094767.1	99.595	3955	9	7	1	3951	4050	99	0.0	7208
NC_001393.1	NZ_CP094767.1	88.579	394	28	10	4050	4439	4431	4051	7.31e-127	462
NC_001393.1	NZ_CP094767.1	99.310	145	0	1	3808	3951	4740	4596	2.86e-66	261
NC_001393.1	NZ_CP094756.1	99.393	3955	18	6	1	3951	4089	137	0.0	7166
NC_001393.1	NZ_CP094756.1	88.579	394	28	10	4050	4439	4470	4090	7.31e-127	462
NC_001393.1	NZ_CP094756.1	98.947	95	0	1	3858	3951	4729	4635	1.78e-38	169
NC_001393.1	NZ_CP120016.1	99.667	3905	9	4	1	3903	3903	1	0.0	7136
NC_001393.1	NZ_CP120016.1	99.627	536	2	0	3904	4439	4439	3904	0.0	979
NC_001393.1	NZ_CP109934.1	99.597	3725	8	5	1	3720	9158	12880	0.0	6789
NC_001393.1	NZ_CP109934.1	100.000	108	0	0	4332	4439	9050	9157	6.33e-48	200
NC_001393.1	NZ_CP151149.1	99.648	3696	8	5	1	3693	15136	18829	0.0	6748
NC_001393.1	NZ_CP151149.1	100.000	108	0	0	4332	4439	15028	15135	6.33e-48	200
NC_001393.1	NZ_CP089161.1	99.648	3696	8	5	1	3693	758378	754685	0.0	6748
NC_001393.1	NZ_CP089161.1	100.000	144	0	0	4296	4439	758522	758379	6.15e-68	267
NC_001393.1	NZ_CP048645.1	99.587	3629	8	5	97	3720	7068	10694	0.0	6612
NC_001393.1	NZ_LR027874.1	99.395	3636	8	5	816	4439	67175	70808	0.0	6580
NC_001393.1	NZ_LR027874.1	99.879	824	1	0	1	824	70809	71632	0.0	1517
NC_001393.1	NZ_CP015447.2	99.395	3636	8	5	816	4439	69001	72634	0.0	6580
NC_001393.1	NZ_CP015447.2	99.879	824	1	0	1	824	72635	73458	0.0	1517
NC_001393.1	NZ_LS483309.1	99.367	3636	9	5	816	4439	78030	81663	0.0	6575
NC_001393.1	NZ_LS483309.1	99.879	824	1	0	1	824	81664	82487	0.0	1517
NC_001393.1	NZ_LT992476.1	99.367	3636	9	5	816	4439	163810	160177	0.0	6575
NC_001393.1	NZ_LT992476.1	99.878	823	1	0	2	824	160175	159353	0.0	1515
NC_001393.1	NZ_LT992475.1	99.367	3636	9	5	816	4439	2410947	2407314	0.0	6575
NC_001393.1	NZ_LT992475.1	99.878	823	1	0	2	824	2407312	2406490	0.0	1515
NC_001393.1	NZ_LT992474.1	99.367	3636	9	5	816	4439	645002	648635	0.0	6575
NC_001393.1	NZ_LT992474.1	99.878	823	1	0	2	824	648637	649459	0.0	1515
NC_001393.1	NZ_LT992473.1	99.367	3636	9	5	816	4439	1856503	1852870	0.0	6575
NC_001393.1	NZ_LT992473.1	99.878	823	1	0	2	824	1852868	1852046	0.0	1515
NC_001393.1	NZ_LT992470.1	99.367	3636	9	5	816	4439	1760213	1756580	0.0	6575
NC_001393.1	NZ_LT992470.1	99.878	823	1	0	2	824	1756578	1755756	0.0	1515
NC_001393.1	NZ_LT992467.1	99.367	3636	9	5	816	4439	1438653	1442286	0.0	6575
NC_001393.1	NZ_LT992467.1	99.878	823	1	0	2	824	1442288	1443110	0.0	1515
NC_001393.1	NZ_LT992460.1	99.367	3636	9	5	816	4439	911297	907664	0.0	6575
NC_001393.1	NZ_LT992460.1	99.878	823	1	0	2	824	907662	906840	0.0	1515
NC_001393.1	NZ_LT992463.1	99.367	3636	9	5	816	4439	245117	248750	0.0	6575
NC_001393.1	NZ_LT992463.1	99.878	823	1	0	2	824	248752	249574	0.0	1515
NC_001393.1	NZ_LT992461.1	99.367	3636	9	5	816	4439	1012251	1015884	0.0	6575
NC_001393.1	NZ_LT992461.1	99.878	823	1	0	2	824	1015886	1016708	0.0	1515
NC_001393.1	NZ_LT992458.1	99.367	3636	9	5	816	4439	551995	548362	0.0	6575
NC_001393.1	NZ_LT992458.1	99.878	823	1	0	2	824	548360	547538	0.0	1515
NC_001393.1	NZ_LT992464.1	99.367	3636	9	5	816	4439	2626105	2622472	0.0	6575
NC_001393.1	NZ_LT992464.1	99.878	823	1	0	2	824	2622470	2621648	0.0	1515
NC_001393.1	NZ_CP130549.1	99.367	3636	9	5	816	4439	73343	69710	0.0	6575
NC_001393.1	NZ_CP130549.1	99.879	824	1	0	1	824	69709	68886	0.0	1517
NC_001393.1	NZ_CP130549.1	78.046	747	139	21	33	767	161819	162552	2.05e-122	448
NC_001393.1	NZ_LT992472.1	99.340	3636	10	5	816	4439	997549	1001182	0.0	6569
NC_001393.1	NZ_LT992472.1	99.878	823	1	0	2	824	1001184	1002006	0.0	1515
NC_001393.1	NZ_LT992469.1	99.340	3636	10	5	816	4439	2237125	2233492	0.0	6569
NC_001393.1	NZ_LT992469.1	99.878	823	1	0	2	824	2233490	2232668	0.0	1515
NC_001393.1	NZ_LT992468.1	99.340	3636	10	5	816	4439	1376302	1379935	0.0	6569
NC_001393.1	NZ_LT992468.1	99.878	823	1	0	2	824	1379937	1380759	0.0	1515
NC_001393.1	NZ_LT992466.1	99.340	3636	10	5	816	4439	214931	211298	0.0	6569
NC_001393.1	NZ_LT992466.1	99.878	823	1	0	2	824	211296	210474	0.0	1515
NC_001393.1	NZ_LT992465.1	99.340	3636	10	5	816	4439	1677788	1674155	0.0	6569
NC_001393.1	NZ_LT992465.1	99.878	823	1	0	2	824	1674153	1673331	0.0	1515
NC_001393.1	NZ_LT992462.1	99.340	3636	10	5	816	4439	2627105	2630738	0.0	6569
NC_001393.1	NZ_LT992462.1	99.878	823	1	0	2	824	2630740	2631562	0.0	1515
NC_001393.1	NZ_LT992456.1	99.340	3636	10	5	816	4439	1260568	1256935	0.0	6569
NC_001393.1	NZ_LT992456.1	99.878	823	1	0	2	824	1256933	1256111	0.0	1515
NC_001393.1	NZ_CP131652.1	99.340	3636	10	5	816	4439	60757	64390	0.0	6569
NC_001393.1	NZ_CP131652.1	99.878	823	1	0	2	824	64392	65214	0.0	1515
NC_001393.1	NZ_CP131652.1	97.222	72	2	0	3855	3926	2579875	2579804	1.41e-24	122
NC_001393.1	NZ_CP130543.1	99.340	3636	10	5	816	4439	58235	61868	0.0	6569
NC_001393.1	NZ_CP130543.1	99.878	823	1	0	2	824	61870	62692	0.0	1515
NC_001393.1	NZ_CP128389.1	99.340	3636	10	5	816	4439	1509808	1506175	0.0	6569
NC_001393.1	NZ_CP128389.1	99.878	823	1	0	2	824	1506173	1505351	0.0	1515
NC_001393.1	NZ_CP119109.1	99.340	3636	10	5	816	4439	40967	37334	0.0	6569
NC_001393.1	NZ_CP119109.1	99.878	823	1	0	2	824	37332	36510	0.0	1515
NC_001393.1	NZ_CP119113.1	99.340	3636	10	5	816	4439	61447	65080	0.0	6569
NC_001393.1	NZ_CP119113.1	99.878	823	1	0	2	824	65082	65904	0.0	1515
NC_001393.1	NZ_CP096540.1	99.340	3636	10	5	816	4439	61441	65074	0.0	6569
NC_001393.1	NZ_CP096540.1	99.878	823	1	0	2	824	65076	65898	0.0	1515
NC_001393.1	NZ_CP096532.1	99.340	3636	10	5	816	4439	61442	65075	0.0	6569
NC_001393.1	NZ_CP096532.1	99.878	823	1	0	2	824	65077	65899	0.0	1515
NC_001393.1	NZ_CP096528.1	99.340	3636	10	5	816	4439	60899	64532	0.0	6569
NC_001393.1	NZ_CP096528.1	99.878	823	1	0	2	824	64534	65356	0.0	1515
NC_001393.1	NZ_CP096522.1	99.340	3636	10	5	816	4439	61442	65075	0.0	6569
NC_001393.1	NZ_CP096522.1	99.878	823	1	0	2	824	65077	65899	0.0	1515
NC_001393.1	NZ_CP076843.1	99.340	3636	10	5	816	4439	2473412	2477045	0.0	6569
NC_001393.1	NZ_CP076843.1	99.878	823	1	0	2	824	2477047	2477869	0.0	1515
NC_001393.1	NZ_CP076839.1	99.340	3636	10	5	816	4439	1511351	1507718	0.0	6569
NC_001393.1	NZ_CP076839.1	99.878	823	1	0	2	824	1507716	1506894	0.0	1515
NC_001393.1	NZ_CP051484.1	99.340	3636	10	5	816	4439	2166437	2170070	0.0	6569
NC_001393.1	NZ_CP051484.1	99.878	823	1	0	2	824	2170072	2170894	0.0	1515
NC_001393.1	NZ_CP051482.1	99.340	3636	10	5	816	4439	2034334	2030701	0.0	6569
NC_001393.1	NZ_CP051482.1	99.878	823	1	0	2	824	2030699	2029877	0.0	1515
NC_001393.1	NZ_CP051482.1	78.451	710	130	19	69	767	1933193	1932496	9.52e-121	442
NC_001393.1	NZ_CP058312.1	99.340	3637	9	6	816	4439	82283	85917	0.0	6569
NC_001393.1	NZ_CP058312.1	99.879	824	1	0	1	824	85918	86741	0.0	1517
NC_001393.1	NZ_CP022906.1	99.340	3637	9	5	816	4439	62825	59191	0.0	6569
NC_001393.1	NZ_CP022906.1	99.879	824	1	0	1	824	59190	58367	0.0	1517
NC_001393.1	NZ_CP022906.1	78.046	747	139	21	33	767	151563	152296	2.05e-122	448
NC_001393.1	NZ_CP022906.1	96.429	56	2	0	2352	2407	49204	49149	1.10e-15	93.5
NC_001393.1	NZ_CP022908.1	99.340	3637	9	5	816	4439	62825	59191	0.0	6569
NC_001393.1	NZ_CP022908.1	99.879	824	1	0	1	824	59190	58367	0.0	1517
NC_001393.1	NZ_CP022908.1	78.046	747	139	21	33	767	151563	152296	2.05e-122	448
NC_001393.1	NZ_CP022908.1	96.429	56	2	0	2352	2407	49204	49149	1.10e-15	93.5
NC_001393.1	NZ_CP022902.1	99.340	3637	9	5	816	4439	62825	59191	0.0	6569
NC_001393.1	NZ_CP022902.1	99.879	824	1	0	1	824	59190	58367	0.0	1517
NC_001393.1	NZ_CP022902.1	78.046	747	139	21	33	767	151563	152296	2.05e-122	448
NC_001393.1	NZ_CP022902.1	96.429	56	2	0	2352	2407	49204	49149	1.10e-15	93.5
NC_001393.1	NZ_CP029172.1	99.340	3636	10	5	816	4439	60899	64532	0.0	6569
NC_001393.1	NZ_CP029172.1	99.757	823	2	0	2	824	64534	65356	0.0	1509
NC_001393.1	NZ_CP028163.1	99.340	3636	10	5	816	4439	441244	437611	0.0	6569
NC_001393.1	NZ_CP028163.1	99.878	823	1	0	2	824	437609	436787	0.0	1515
NC_001393.1	NZ_CP020019.1	99.340	3636	10	5	816	4439	60899	64532	0.0	6569
NC_001393.1	NZ_CP020019.1	99.878	823	1	0	2	824	64534	65356	0.0	1515
NC_001393.1	NZ_CP013218.1	99.340	3636	10	5	816	4439	61416	65049	0.0	6569
NC_001393.1	NZ_CP013218.1	99.878	823	1	0	2	824	65051	65873	0.0	1515
NC_001393.1	NZ_CP013619.1	99.340	3636	10	5	816	4439	61415	65048	0.0	6569
NC_001393.1	NZ_CP013619.1	99.878	823	1	0	2	824	65050	65872	0.0	1515
NC_001393.1	NZ_CP013616.1	99.340	3636	10	5	816	4439	61408	65041	0.0	6569
NC_001393.1	NZ_CP013616.1	99.878	823	1	0	2	824	65043	65865	0.0	1515
NC_001393.1	NC_017334.1	99.340	3636	10	5	816	4439	5246	1613	0.0	6569
NC_001393.1	NC_017334.1	99.878	823	1	0	2	824	1611	789	0.0	1515
NC_001393.1	NZ_LR027878.1	99.313	3639	8	6	816	4439	69296	65660	0.0	6565
NC_001393.1	NZ_LR027878.1	99.879	824	1	0	1	824	65659	64836	0.0	1517
NC_001393.1	NZ_CP146215.1	99.313	3639	8	6	816	4439	50720	54356	0.0	6565
NC_001393.1	NZ_CP146215.1	99.879	824	1	0	1	824	54357	55180	0.0	1517
NC_001393.1	NZ_CP027788.1	99.313	3639	8	6	816	4439	68976	72612	0.0	6565
NC_001393.1	NZ_CP027788.1	99.879	824	1	0	1	824	72613	73436	0.0	1517
NC_001393.1	NZ_CP018629.1	99.313	3639	8	6	816	4439	33838	30202	0.0	6565
NC_001393.1	NZ_CP018629.1	99.879	824	1	0	1	824	30201	29378	0.0	1517
NC_001393.1	NC_017331.1	99.313	3639	8	6	816	4439	68978	72614	0.0	6565
NC_001393.1	NC_017331.1	99.879	824	1	0	1	824	72615	73438	0.0	1517
NC_001393.1	NZ_CP138566.1	99.312	3636	11	5	816	4439	62667	66300	0.0	6564
NC_001393.1	NZ_CP138566.1	99.878	823	1	0	2	824	66302	67124	0.0	1515
NC_001393.1	NZ_CP138566.1	97.222	72	2	0	3855	3926	2578506	2578435	1.41e-24	122
NC_001393.1	NZ_CP083671.1	99.312	3636	11	5	816	4439	58315	61948	0.0	6564
NC_001393.1	NZ_CP083671.1	99.878	823	1	0	2	824	61950	62772	0.0	1515
NC_001393.1	NZ_AP024315.1	99.313	3637	10	6	816	4439	58335	61969	0.0	6564
NC_001393.1	NZ_AP024315.1	99.878	823	1	0	2	824	61971	62793	0.0	1515
NC_001393.1	NZ_CP017091.1	99.312	3636	11	5	816	4439	61211	64844	0.0	6564
NC_001393.1	NZ_CP017091.1	99.878	823	1	0	2	824	64846	65668	0.0	1515
NC_001393.1	NZ_CP013957.1	99.286	3640	8	7	816	4439	67134	70771	0.0	6562
NC_001393.1	NZ_CP013957.1	99.879	824	1	0	1	824	70772	71595	0.0	1517
NC_001393.1	NZ_LR130515.1	99.286	3639	9	6	816	4439	69923	73559	0.0	6560
NC_001393.1	NZ_LR130515.1	99.879	824	1	0	1	824	73560	74383	0.0	1517
NC_001393.1	NZ_CP033114.1	99.286	3639	9	7	816	4439	719220	722856	0.0	6560
NC_001393.1	NZ_CP033114.1	99.879	824	1	0	1	824	722857	723680	0.0	1517
NC_001393.1	NZ_CP033112.1	99.286	3639	9	7	816	4439	719238	722874	0.0	6560
NC_001393.1	NZ_CP033112.1	99.879	824	1	0	1	824	722875	723698	0.0	1517
NC_001393.1	NC_022604.1	99.285	3638	8	7	818	4439	67274	70909	0.0	6558
NC_001393.1	NC_022604.1	99.879	824	1	0	1	824	70910	71733	0.0	1517
NC_001393.1	NZ_CP029685.1	99.258	3639	10	6	816	4439	69531	65895	0.0	6554
NC_001393.1	NZ_CP029685.1	99.879	824	1	0	1	824	65894	65071	0.0	1517
NC_001393.1	NZ_CP121204.1	99.257	3636	11	7	816	4439	60757	64388	0.0	6551
NC_001393.1	NZ_CP121204.1	99.878	823	1	0	2	824	64390	65212	0.0	1515
NC_001393.1	NZ_CP121204.1	95.833	72	2	1	3855	3926	2660952	2660882	2.36e-22	115
NC_001393.1	NZ_CP096535.1	99.093	3637	14	10	816	4439	61402	65032	0.0	6516
NC_001393.1	NZ_CP096535.1	99.878	823	1	0	2	824	65034	65856	0.0	1515
NC_001393.1	NZ_CP038184.1	99.577	3545	8	5	181	3720	28637	32179	0.0	6457
NC_001393.1	NZ_CP096273.1	99.549	3545	9	5	181	3720	6863	10405	0.0	6451
NC_001393.1	NZ_CP136530.1	99.602	3521	10	4	921	4439	1	3519	0.0	6421
NC_001393.1	NZ_CP136530.1	99.783	920	2	0	1	920	3520	4439	0.0	1688
NC_001393.1	NZ_CP136526.1	99.602	3521	10	4	921	4439	1	3519	0.0	6421
NC_001393.1	NZ_CP136526.1	99.783	920	2	0	1	920	3520	4439	0.0	1688
NC_001393.1	NC_007791.1	99.602	3521	10	4	921	4439	1	3519	0.0	6421
NC_001393.1	NC_007791.1	99.783	920	2	0	1	920	3520	4439	0.0	1688
NC_001393.1	NZ_CP096539.1	99.598	3481	10	4	816	4294	61442	64920	0.0	6348
NC_001393.1	NZ_CP096539.1	99.878	823	1	0	2	824	66152	66974	0.0	1515
NC_001393.1	NZ_CP096539.1	93.711	159	0	1	4291	4439	65992	66150	8.07e-57	230
NC_001393.1	NZ_CP103850.1	99.567	3462	8	5	237	3693	2137703	2141162	0.0	6303
NC_001393.1	NZ_CP103850.1	78.046	747	139	21	33	767	136368	137101	2.05e-122	448
NC_001393.1	NZ_CP138661.1	99.591	3425	9	5	272	3693	2509743	2513165	0.0	6242
NC_001393.1	NZ_CP138661.1	78.046	747	139	21	33	767	140106	140839	2.05e-122	448
NC_001393.1	NZ_AP024313.1	98.097	3574	39	21	816	4380	59410	62963	0.0	6196
NC_001393.1	NZ_AP024313.1	91.383	824	71	0	1	824	63023	63846	0.0	1129
NC_001393.1	NZ_AP024311.1	98.069	3574	40	21	816	4380	59410	62963	0.0	6191
NC_001393.1	NZ_AP024311.1	91.505	824	70	0	1	824	63023	63846	0.0	1134
NC_001393.1	NZ_CP041000.1	99.199	3372	19	7	1	3368	1126	4493	0.0	6071
NC_001393.1	NZ_CP041000.1	98.756	1125	14	0	3315	4439	1	1125	0.0	2001
NC_001393.1	NZ_CP040802.1	99.639	3322	8	4	1120	4439	25946	22627	0.0	6065
NC_001393.1	NZ_CP040802.1	99.595	740	1	2	380	1119	738	1	0.0	1349
NC_001393.1	NZ_CP040802.1	99.742	388	1	0	1	388	22626	22239	0.0	712
NC_001393.1	NZ_CP148992.1	99.636	3297	7	5	400	3693	2012891	2016185	0.0	6017
NC_001393.1	NZ_CP120013.1	99.572	3268	10	4	1174	4439	1	3266	0.0	5954
NC_001393.1	NZ_CP120013.1	99.918	1219	1	0	1	1219	3267	4485	0.0	2246
NC_001393.1	NZ_CP065194.1	96.362	3628	95	28	816	4428	2516507	2520112	0.0	5934
NC_001393.1	NZ_CP065194.1	90.291	824	80	0	1	824	2520124	2520947	0.0	1079
NC_001393.1	NZ_CP083259.1	99.035	3317	13	10	1136	4439	60637	63947	0.0	5930
NC_001393.1	NZ_CP083259.1	99.878	823	1	0	2	824	63949	64771	0.0	1515
NC_001393.1	NZ_CP094762.1	99.595	3211	9	4	1231	4439	1	3209	0.0	5854
NC_001393.1	NZ_CP094762.1	99.933	1502	1	0	1	1502	3210	4711	0.0	2769
NC_001393.1	NZ_CP095114.1	99.643	3079	7	4	1	3077	1392	4468	0.0	5622
NC_001393.1	NZ_CP095114.1	99.712	1391	4	0	3049	4439	1	1391	0.0	2547
NC_001393.1	NZ_CP094754.1	99.469	3015	10	6	941	3951	1	3013	0.0	5474
NC_001393.1	NZ_CP094754.1	99.154	946	8	0	1	946	3559	4504	0.0	1703
NC_001393.1	NZ_CP094754.1	88.250	400	30	10	4044	4439	3172	3558	7.31e-127	462
NC_001393.1	NZ_CP120006.1	99.659	2929	6	4	1	2927	2927	1	0.0	5350
NC_001393.1	NZ_CP120006.1	99.670	1514	5	0	2926	4439	4441	2928	0.0	2769
NC_001393.1	NZ_CP132361.1	99.583	2881	7	5	816	3693	768587	765709	0.0	5249
NC_001393.1	NZ_CP132034.1	99.583	2879	5	5	1	2874	17995	20871	0.0	5243
NC_001393.1	NZ_CP132034.1	100.000	160	0	0	4280	4439	17835	17994	7.84e-77	296
NC_001393.1	NZ_CP132032.1	99.583	2879	5	5	1	2874	17801	20677	0.0	5243
NC_001393.1	NZ_CP132032.1	100.000	160	0	0	4280	4439	17641	17800	7.84e-77	296
NC_001393.1	NZ_CP132025.1	99.583	2879	5	5	1	2874	5632	8508	0.0	5243
NC_001393.1	NZ_CP132025.1	100.000	160	0	0	4280	4439	5472	5631	7.84e-77	296
NC_001393.1	NZ_CP094776.1	99.463	2792	9	6	1164	3951	1	2790	0.0	5068
NC_001393.1	NZ_CP094776.1	99.850	1335	2	0	1	1335	3336	4670	0.0	2455
NC_001393.1	NZ_CP094776.1	90.000	400	23	10	4044	4439	2949	3335	1.55e-138	501
NC_001393.1	NZ_CP031671.1	99.672	2740	5	4	1	2738	4167	1430	0.0	5007
NC_001393.1	NZ_CP031671.1	100.000	248	0	0	4192	4439	4415	4168	9.45e-126	459
NC_001393.1	NZ_CP031668.1	99.672	2740	5	4	1	2738	4166	1429	0.0	5007
NC_001393.1	NZ_CP031668.1	100.000	248	0	0	4192	4439	4414	4167	9.45e-126	459
NC_001393.1	NZ_CP042006.1	96.241	3033	109	5	387	3416	4979	1949	0.0	4964
NC_001393.1	NZ_CP042006.1	99.805	513	1	0	1	513	513	1	0.0	942
NC_001393.1	NZ_CP042006.1	87.302	378	35	8	4066	4439	882	514	4.46e-114	420
NC_001393.1	NZ_CP047850.1	97.495	2834	66	5	1	2831	7463	4632	0.0	4835
NC_001393.1	NZ_CP047850.1	96.687	966	32	0	2827	3792	9086	8121	0.0	1607
NC_001393.1	NZ_CP047850.1	95.780	545	11	3	3906	4439	8007	7464	0.0	869
NC_001393.1	NC_013452.1	99.556	2480	6	5	1	2477	1963	4440	0.0	4514
NC_001393.1	NC_013452.1	99.694	1962	6	0	2478	4439	1	1962	0.0	3591
NC_001393.1	NZ_LN831038.1	99.555	2472	8	3	1970	4439	1	2471	0.0	4501
NC_001393.1	NZ_LN831038.1	100.000	76	0	0	1	76	2472	2547	3.89e-30	141
NC_001393.1	NZ_CP132030.1	99.672	2442	4	4	1	2440	32599	35038	0.0	4462
NC_001393.1	NZ_CP132030.1	99.085	437	1	1	2441	2874	1	437	0.0	782
NC_001393.1	NZ_CP132030.1	100.000	160	0	0	4280	4439	32439	32598	7.84e-77	296
NC_001393.1	NZ_CP012756.1	99.565	2070	5	4	816	2883	1390171	1388104	0.0	3770
NC_001393.1	NZ_CP060584.1	93.717	2483	133	23	550	3021	181297	183767	0.0	3699
NC_001393.1	NZ_CP060584.1	99.461	557	3	0	1	557	186476	187032	0.0	1013
NC_001393.1	NZ_CP060584.1	77.778	747	141	21	33	767	112775	113508	4.43e-119	436
NC_001393.1	NZ_CP060584.1	81.654	387	37	20	4068	4439	186108	186475	3.65e-75	291
NC_001393.1	NZ_CP047814.1	90.355	985	92	2	2385	3366	240	1224	0.0	1290
NC_001393.1	NZ_CP047814.1	86.107	763	96	9	33	790	2346	3103	0.0	813
NC_001393.1	NZ_CP047814.1	74.755	408	66	27	4050	4439	1925	2313	2.32e-32	148
NC_001393.1	NZ_CP117241.1	86.957	759	97	2	36	793	3779	3022	0.0	852
NC_001393.1	NZ_CP117241.1	84.264	394	49	9	4049	4437	4202	3817	1.27e-99	372
NC_001393.1	NZ_CP047868.1	87.602	734	91	0	36	769	1250	517	0.0	852
NC_001393.1	NZ_CP047868.1	77.953	381	57	15	4050	4425	1658	1300	8.12e-52	213
NC_001393.1	NZ_CP045437.1	86.922	757	89	10	42	793	3287	2536	0.0	841
NC_001393.1	NZ_CP045437.1	82.267	344	35	18	4044	4380	3712	3388	3.67e-70	274
NC_001393.1	NZ_CP045437.1	91.329	173	12	3	3768	3938	3877	3706	6.24e-58	233
NC_001393.1	NZ_CP045437.1	98.077	52	1	0	2356	2407	1646	1595	3.97e-15	91.6
NC_001393.1	NZ_CP034007.1	86.905	756	91	8	42	793	753	2	0.0	841
NC_001393.1	NZ_CP034007.1	81.556	347	35	20	4044	4380	1181	854	1.03e-65	259
NC_001393.1	NZ_CP034007.1	91.716	169	11	3	3772	3938	1342	1175	2.24e-57	231
NC_001393.1	NZ_CP034007.1	98.077	52	1	0	2356	2407	3635	3584	3.97e-15	91.6
NC_001393.1	NZ_CP034258.1	86.905	756	91	8	42	793	753	2	0.0	841
NC_001393.1	NZ_CP034258.1	81.556	347	35	20	4044	4380	1181	854	1.03e-65	259
NC_001393.1	NZ_CP034258.1	91.716	169	11	3	3772	3938	1342	1175	2.24e-57	231
NC_001393.1	NZ_CP034258.1	98.077	52	1	0	2356	2407	3635	3584	3.97e-15	91.6
NC_001393.1	NZ_CP033989.1	86.905	756	91	8	42	793	753	2	0.0	841
NC_001393.1	NZ_CP033989.1	81.556	347	35	20	4044	4380	1181	854	1.03e-65	259
NC_001393.1	NZ_CP033989.1	91.716	169	11	3	3772	3938	1342	1175	2.24e-57	231
NC_001393.1	NZ_CP033989.1	98.077	52	1	0	2356	2407	3635	3584	3.97e-15	91.6
NC_001393.1	NZ_CP034013.1	86.905	756	91	8	42	793	753	2	0.0	841
NC_001393.1	NZ_CP034013.1	81.556	347	35	20	4044	4380	1181	854	1.03e-65	259
NC_001393.1	NZ_CP034013.1	91.716	169	11	3	3772	3938	1342	1175	2.24e-57	231
NC_001393.1	NZ_CP034013.1	98.077	52	1	0	2356	2407	3635	3584	3.97e-15	91.6
NC_001393.1	NZ_CP034010.1	86.905	756	91	8	42	793	753	2	0.0	841
NC_001393.1	NZ_CP034010.1	81.556	347	35	20	4044	4380	1181	854	1.03e-65	259
NC_001393.1	NZ_CP034010.1	91.716	169	11	3	3772	3938	1342	1175	2.24e-57	231
NC_001393.1	NZ_CP034010.1	98.077	52	1	0	2356	2407	3635	3584	3.97e-15	91.6
NC_001393.1	NZ_CP034004.1	86.905	756	91	8	42	793	753	2	0.0	841
NC_001393.1	NZ_CP034004.1	81.556	347	35	20	4044	4380	1181	854	1.03e-65	259
NC_001393.1	NZ_CP034004.1	91.716	169	11	3	3772	3938	1342	1175	2.24e-57	231
NC_001393.1	NZ_CP034004.1	98.077	52	1	0	2356	2407	3635	3584	3.97e-15	91.6
NC_001393.1	NZ_CP034001.1	86.905	756	91	8	42	793	753	2	0.0	841
NC_001393.1	NZ_CP034001.1	81.556	347	35	20	4044	4380	1181	854	1.03e-65	259
NC_001393.1	NZ_CP034001.1	91.716	169	11	3	3772	3938	1342	1175	2.24e-57	231
NC_001393.1	NZ_CP034001.1	98.077	52	1	0	2356	2407	3635	3584	3.97e-15	91.6
NC_001393.1	NZ_CP033998.1	86.905	756	91	8	42	793	753	2	0.0	841
NC_001393.1	NZ_CP033998.1	81.556	347	35	20	4044	4380	1181	854	1.03e-65	259
NC_001393.1	NZ_CP033998.1	91.716	169	11	3	3772	3938	1342	1175	2.24e-57	231
NC_001393.1	NZ_CP033998.1	98.077	52	1	0	2356	2407	3635	3584	3.97e-15	91.6
NC_001393.1	NZ_CP033995.1	86.905	756	91	8	42	793	753	2	0.0	841
NC_001393.1	NZ_CP033995.1	81.556	347	35	20	4044	4380	1181	854	1.03e-65	259
NC_001393.1	NZ_CP033995.1	91.716	169	11	3	3772	3938	1342	1175	2.24e-57	231
NC_001393.1	NZ_CP033995.1	98.077	52	1	0	2356	2407	3635	3584	3.97e-15	91.6
NC_001393.1	NZ_CP033975.1	86.262	757	94	9	42	793	1579	828	0.0	813
NC_001393.1	NZ_CP033975.1	85.451	543	50	21	3906	4439	2143	1621	1.18e-149	538
NC_001393.1	NZ_CP033985.1	86.262	757	94	9	42	793	1579	828	0.0	813
NC_001393.1	NZ_CP033985.1	85.451	543	50	21	3906	4439	2143	1621	1.18e-149	538
NC_001393.1	NZ_CP033980.1	86.262	757	94	9	42	793	1579	828	0.0	813
NC_001393.1	NZ_CP033980.1	85.451	543	50	21	3906	4439	2143	1621	1.18e-149	538
NC_001393.1	NZ_CP019567.1	84.399	782	103	14	1	772	2027	1255	0.0	750
NC_001393.1	NZ_CP019567.1	76.962	395	61	20	4050	4437	2401	2030	2.28e-47	198
NC_001393.1	NZ_CP076845.1	80.581	999	164	24	2400	3383	2982	1999	0.0	743
NC_001393.1	NZ_CP076845.1	86.680	503	66	1	1	503	502	1	3.26e-155	556
NC_001393.1	NZ_CP125865.1	83.354	793	120	12	1	787	1216	2002	0.0	723
NC_001393.1	NZ_CP125865.1	84.601	539	56	18	3906	4434	689	1210	2.57e-141	510
NC_001393.1	NZ_CP062374.1	83.354	793	120	12	1	787	801	1587	0.0	723
NC_001393.1	NZ_CP062374.1	84.601	539	56	18	3906	4434	274	795	2.57e-141	510
NC_001393.1	NZ_CP014447.1	83.354	793	120	12	1	787	180	966	0.0	723
NC_001393.1	NZ_CP014447.1	90.625	352	25	8	3906	4253	3220	3567	2.63e-126	460
NC_001393.1	NZ_CP014418.1	83.354	793	120	12	1	787	180	966	0.0	723
NC_001393.1	NZ_CP014418.1	90.625	352	25	8	3906	4253	3220	3567	2.63e-126	460
NC_001393.1	NZ_CP150890.1	83.228	793	121	12	1	787	180	966	0.0	717
NC_001393.1	NZ_CP150890.1	90.625	352	25	8	3906	4253	3220	3567	2.63e-126	460
NC_001393.1	NZ_AP024314.1	82.690	803	113	22	1	790	654	1443	0.0	689
NC_001393.1	NZ_AP024314.1	87.344	482	36	17	3906	4380	131	594	7.10e-147	529
NC_001393.1	NZ_AP024312.1	82.690	803	113	22	1	790	660	1449	0.0	689
NC_001393.1	NZ_AP024312.1	87.344	482	36	17	3906	4380	137	600	7.10e-147	529
NC_001393.1	NZ_CP131656.1	82.299	757	126	8	36	788	3786	3034	0.0	649
NC_001393.1	NZ_CP131656.1	98.361	61	1	0	2347	2407	2125	2065	3.94e-20	108
NC_001393.1	NZ_CP119111.1	82.237	760	127	8	33	788	2489	3244	0.0	649
NC_001393.1	NZ_CP119111.1	98.361	61	1	0	2347	2407	4153	4213	3.94e-20	108
NC_001393.1	NZ_CP096524.1	82.237	760	127	8	33	788	2131	2886	0.0	649
NC_001393.1	NZ_CP096524.1	98.361	61	1	0	2347	2407	3795	3855	3.94e-20	108
NC_001393.1	NZ_CP076844.1	82.237	760	127	8	33	788	2988	3743	0.0	649
NC_001393.1	NZ_CP076844.1	98.361	61	1	0	2347	2407	255	315	3.94e-20	108
NC_001393.1	NZ_CP076841.1	82.299	757	126	8	36	788	2785	2033	0.0	649
NC_001393.1	NZ_CP076841.1	98.361	61	1	0	2347	2407	1124	1064	3.94e-20	108
NC_001393.1	NZ_CP073064.1	82.237	760	127	8	33	788	184	939	0.0	649
NC_001393.1	NZ_CP073064.1	96.721	61	2	0	2347	2407	1848	1908	1.83e-18	102
NC_001393.1	NZ_CP014391.1	82.299	757	126	8	36	788	1419	667	0.0	649
NC_001393.1	NZ_CP014391.1	98.361	61	1	0	2347	2407	4155	4095	3.94e-20	108
NC_001393.1	NZ_CP014380.1	82.299	757	126	8	36	788	1419	667	0.0	649
NC_001393.1	NZ_CP014380.1	98.361	61	1	0	2347	2407	4155	4095	3.94e-20	108
NC_001393.1	NZ_CP014375.1	82.299	757	126	8	36	788	1419	667	0.0	649
NC_001393.1	NZ_CP014375.1	98.361	61	1	0	2347	2407	4155	4095	3.94e-20	108
NC_001393.1	NZ_CP028191.1	82.237	760	127	8	33	788	1103	1858	0.0	649
NC_001393.1	NZ_CP028191.1	98.361	61	1	0	2347	2407	2767	2827	3.94e-20	108
NC_001393.1	NZ_CP014406.1	82.299	757	126	8	36	788	1419	667	0.0	649
NC_001393.1	NZ_CP014406.1	98.361	61	1	0	2347	2407	4155	4095	3.94e-20	108
NC_001393.1	NZ_CP014401.1	82.299	757	126	8	36	788	1419	667	0.0	649
NC_001393.1	NZ_CP014401.1	98.361	61	1	0	2347	2407	4155	4095	3.94e-20	108
NC_001393.1	NZ_CP014396.1	82.299	757	126	8	36	788	1419	667	0.0	649
NC_001393.1	NZ_CP014396.1	98.361	61	1	0	2347	2407	4155	4095	3.94e-20	108
NC_001393.1	NZ_CP065196.1	81.443	776	128	13	1	768	1497	730	1.14e-174	621
NC_001393.1	NZ_CP065196.1	84.007	544	57	21	3906	4437	2025	1500	7.20e-137	496
NC_001393.1	NZ_AP024317.1	81.510	768	122	15	33	790	1168	1925	1.91e-172	614
NC_001393.1	NZ_AP024317.1	77.617	898	183	15	2414	3300	2993	3883	7.10e-147	529
NC_001393.1	NZ_AP024317.1	84.375	544	58	18	3906	4439	609	1135	9.25e-141	508
NC_001393.1	NC_017335.1	87.079	534	69	0	33	566	3797	4330	1.15e-169	604
NC_001393.1	NC_017335.1	81.923	260	23	16	4045	4291	3380	3628	2.28e-47	198
NC_001393.1	NC_017335.1	98.361	61	1	0	2347	2407	1080	1140	3.94e-20	108
NC_001393.1	NZ_CP062372.1	82.295	706	111	12	69	767	102811	103509	5.34e-168	599
NC_001393.1	NZ_CP136528.1	78.313	747	137	21	33	767	169096	169829	9.45e-126	459
NC_001393.1	NZ_CP136524.1	78.313	747	137	21	33	767	169096	169829	9.45e-126	459
NC_001393.1	NZ_CP135966.1	78.121	745	141	19	33	767	114829	115561	4.40e-124	453
NC_001393.1	NZ_CP094782.1	78.121	745	141	19	33	767	148858	149590	4.40e-124	453
NC_001393.1	NZ_CP094775.1	78.121	745	141	19	33	767	149266	149998	4.40e-124	453
NC_001393.1	NZ_CP094770.1	78.121	745	141	19	33	767	149302	150034	4.40e-124	453
NC_001393.1	NZ_CP047792.1	78.121	745	141	19	33	767	2539142	2539874	4.40e-124	453
NC_001393.1	NZ_CP026961.1	78.046	747	140	20	33	767	995515	996249	5.69e-123	449
NC_001393.1	NZ_CP007539.2	78.592	710	130	18	69	767	2236470	2235772	5.69e-123	449
NC_001393.1	NZ_LR134085.1	78.046	747	139	21	33	767	135810	136543	2.05e-122	448
NC_001393.1	NZ_LR133917.1	78.046	747	139	21	33	767	111403	112136	2.05e-122	448
NC_001393.1	NZ_LR130518.1	78.046	747	139	21	33	767	137302	138035	2.05e-122	448
NC_001393.1	NZ_LS483365.1	78.046	747	139	21	33	767	113578	114311	2.05e-122	448
NC_001393.1	NZ_LS483319.1	78.046	747	139	21	33	767	136521	137254	2.05e-122	448
NC_001393.1	NZ_LS483308.1	78.592	710	129	19	69	767	125767	126464	2.05e-122	448
NC_001393.1	NZ_LS483301.1	78.046	747	139	21	33	767	160740	161473	2.05e-122	448
NC_001393.1	NZ_LT671859.1	78.046	747	139	21	33	767	136649	137382	2.05e-122	448
NC_001393.1	NZ_LT598688.1	78.046	747	139	21	33	767	114071	114804	2.05e-122	448
NC_001393.1	NZ_CP125867.1	78.592	710	129	19	69	767	1946329	1945632	2.05e-122	448
NC_001393.1	NZ_CP131668.1	78.046	747	139	21	33	767	135865	136598	2.05e-122	448
NC_001393.1	NZ_CP131649.1	78.046	747	139	21	33	767	169036	169769	2.05e-122	448
NC_001393.1	NZ_CP151121.1	78.046	747	139	21	33	767	158582	159315	2.05e-122	448
NC_001393.1	NZ_CP151123.1	78.046	747	139	21	33	767	168710	169443	2.05e-122	448
NC_001393.1	NZ_CP151125.1	78.046	747	139	21	33	767	138963	139696	2.05e-122	448
NC_001393.1	NZ_CP151118.1	78.046	747	139	21	33	767	158582	159315	2.05e-122	448
NC_001393.1	NZ_CP151140.1	78.046	747	139	21	33	767	183765	184498	2.05e-122	448
NC_001393.1	NZ_CP150881.1	78.046	747	139	21	33	767	114045	114778	2.05e-122	448
NC_001393.1	NZ_CP150739.1	78.046	747	139	21	33	767	1061965	1062698	2.05e-122	448
NC_001393.1	NZ_CP150737.1	78.592	710	129	19	69	767	2282146	2281449	2.05e-122	448
NC_001393.1	NZ_CP150743.1	78.046	747	139	21	33	767	1364909	1365642	2.05e-122	448
NC_001393.1	NZ_CP150657.1	78.046	747	139	21	33	767	169511	170244	2.05e-122	448
NC_001393.1	NZ_CP149937.1	78.046	747	139	21	33	767	169445	170178	2.05e-122	448
NC_001393.1	NZ_CP149805.1	78.046	747	139	21	33	767	112397	113130	2.05e-122	448
NC_001393.1	NZ_CP149807.1	78.046	747	139	21	33	767	169515	170248	2.05e-122	448
NC_001393.1	NZ_CP148079.1	78.046	747	139	21	33	767	167848	168581	2.05e-122	448
NC_001393.1	NZ_CP148076.1	78.046	747	139	21	33	767	167848	168581	2.05e-122	448
NC_001393.1	NZ_CP147694.1	78.046	747	139	21	33	767	137738	138471	2.05e-122	448
NC_001393.1	NZ_CP147688.1	78.046	747	139	21	33	767	169459	170192	2.05e-122	448
NC_001393.1	NZ_CP147691.1	78.046	747	139	21	33	767	137738	138471	2.05e-122	448
NC_001393.1	NZ_CP147506.1	78.046	747	139	21	33	767	114879	115612	2.05e-122	448
NC_001393.1	NZ_CP097115.1	78.046	747	139	21	33	767	114100	114833	2.05e-122	448
NC_001393.1	NZ_CP097114.1	78.046	747	139	21	33	767	114100	114833	2.05e-122	448
NC_001393.1	NZ_CP132038.1	78.592	710	129	19	69	767	496910	496213	2.05e-122	448
NC_001393.1	NZ_CP132036.1	78.592	710	129	19	69	767	2635750	2635053	2.05e-122	448
NC_001393.1	NZ_CP123749.1	78.592	710	129	19	69	767	2684835	2684138	2.05e-122	448
NC_001393.1	NZ_CP123748.1	78.046	747	139	21	33	767	114287	115020	2.05e-122	448
NC_001393.1	NZ_CP123746.1	78.046	747	139	21	33	767	114218	114951	2.05e-122	448
NC_001393.1	NZ_CP123747.1	78.592	710	129	19	69	767	2640891	2640194	2.05e-122	448
NC_001393.1	NZ_CP123743.1	78.592	710	129	19	69	767	2640715	2640018	2.05e-122	448
NC_001393.1	NZ_CP123745.1	78.592	710	129	19	69	767	2684582	2683885	2.05e-122	448
NC_001393.1	NZ_CP123744.1	78.592	710	129	19	69	767	2635464	2634767	2.05e-122	448
NC_001393.1	NZ_CP123750.1	78.046	747	139	21	33	767	111747	112480	2.05e-122	448
NC_001393.1	NZ_CP123742.1	78.046	747	139	21	33	767	114216	114949	2.05e-122	448
NC_001393.1	NZ_CP097113.1	78.046	747	139	21	33	767	114100	114833	2.05e-122	448
NC_001393.1	NZ_CP130542.1	78.046	747	139	21	33	767	111426	112159	2.05e-122	448
NC_001393.1	NZ_CP130537.1	78.046	747	139	21	33	767	111402	112135	2.05e-122	448
NC_001393.1	NZ_CP127017.1	78.046	747	139	21	33	767	107919	108652	2.05e-122	448
NC_001393.1	NZ_CP125897.1	78.046	747	139	21	33	767	113556	114289	2.05e-122	448
NC_001393.1	NZ_CP117203.1	78.046	747	139	21	33	767	135540	136273	2.05e-122	448
NC_001393.1	NZ_CP113052.1	78.046	747	139	21	33	767	1103528	1104261	2.05e-122	448
NC_001393.1	NZ_CP113044.1	78.046	747	139	21	33	767	1043318	1044051	2.05e-122	448
NC_001393.1	NZ_CP113042.1	78.046	747	139	21	33	767	1043223	1043956	2.05e-122	448
NC_001393.1	NZ_CP113029.1	78.592	710	129	19	69	767	349056	348359	2.05e-122	448
NC_001393.1	NZ_CP104478.1	78.046	747	139	21	33	767	113300	114033	2.05e-122	448
NC_001393.1	NZ_CP104476.1	78.046	747	139	21	33	767	113300	114033	2.05e-122	448
NC_001393.1	NZ_CP103860.1	78.592	710	129	19	69	767	32461	31764	2.05e-122	448
NC_001393.1	NZ_CP104020.1	78.592	710	129	19	69	767	1945964	1945267	2.05e-122	448
NC_001393.1	NZ_CP101124.1	78.046	747	139	21	33	767	113584	114317	2.05e-122	448
NC_001393.1	NZ_CP099576.1	78.046	747	139	21	33	767	169038	169771	2.05e-122	448
NC_001393.1	NZ_CP059180.1	78.046	747	139	21	33	767	113521	114254	2.05e-122	448
NC_001393.1	NZ_AP025693.1	78.046	747	139	21	33	767	171125	171858	2.05e-122	448
NC_001393.1	NZ_CP064365.1	78.592	710	129	19	69	767	924575	923878	2.05e-122	448
NC_001393.1	NZ_CP062439.1	78.592	710	129	19	69	767	1945923	1945226	2.05e-122	448
NC_001393.1	NZ_CP062393.1	78.592	710	129	19	69	767	1916693	1915996	2.05e-122	448
NC_001393.1	NZ_CP062366.1	78.592	710	129	19	69	767	1992215	1991518	2.05e-122	448
NC_001393.1	NZ_CP062344.1	78.592	710	129	19	69	767	1930639	1929942	2.05e-122	448
NC_001393.1	NZ_CP062331.1	78.592	710	129	19	69	767	1946180	1945483	2.05e-122	448
NC_001393.1	NZ_CP062324.1	78.592	710	129	19	69	767	1938416	1937719	2.05e-122	448
NC_001393.1	NZ_CP062320.1	78.046	747	139	21	33	767	2594227	2594960	2.05e-122	448
NC_001393.1	NZ_CP062314.1	78.592	710	129	19	69	767	1932427	1931730	2.05e-122	448
NC_001393.1	NZ_CP062312.1	78.592	710	129	19	69	767	1937022	1936325	2.05e-122	448
NC_001393.1	NZ_CP092052.1	78.046	747	139	21	33	767	114072	114805	2.05e-122	448
NC_001393.1	NZ_CP089162.1	78.592	710	129	19	69	767	2119802	2119105	2.05e-122	448
NC_001393.1	NZ_CP089159.1	78.592	710	129	19	69	767	2059504	2058807	2.05e-122	448
NC_001393.1	NZ_CP087593.1	78.046	747	139	21	33	767	114071	114804	2.05e-122	448
NC_001393.1	NZ_CP077893.1	78.592	710	129	19	69	767	2466483	2465786	2.05e-122	448
NC_001393.1	NZ_CP077889.1	78.046	747	139	21	33	767	526919	527652	2.05e-122	448
NC_001393.1	NZ_CP077888.1	78.046	747	139	21	33	767	1104007	1104740	2.05e-122	448
NC_001393.1	NZ_CP077885.1	78.046	747	139	21	33	767	2680590	2681323	2.05e-122	448
NC_001393.1	NZ_CP077880.1	78.592	710	129	19	69	767	2454779	2454082	2.05e-122	448
NC_001393.1	NZ_CP077877.1	78.046	747	139	21	33	767	965323	966056	2.05e-122	448
NC_001393.1	NZ_CP077872.1	78.592	710	129	19	69	767	2044405	2043708	2.05e-122	448
NC_001393.1	NZ_CP077933.1	78.046	747	139	21	33	767	2385409	2386142	2.05e-122	448
NC_001393.1	NZ_CP077870.1	78.046	747	139	21	33	767	131182	131915	2.05e-122	448
NC_001393.1	NZ_CP083728.1	78.592	710	129	19	69	767	1919836	1919139	2.05e-122	448
NC_001393.1	NZ_CP081354.1	78.046	747	139	21	33	767	169042	169775	2.05e-122	448
NC_001393.1	NZ_CP080553.1	78.046	747	139	21	33	767	167001	167734	2.05e-122	448
NC_001393.1	NZ_CP080556.1	78.046	747	139	21	33	767	168268	169001	2.05e-122	448
NC_001393.1	NZ_CP079715.1	78.046	747	139	21	33	767	653180	653913	2.05e-122	448
NC_001393.1	NZ_CP076105.1	78.046	747	139	21	33	767	113584	114317	2.05e-122	448
NC_001393.1	NZ_CP069799.1	78.046	747	139	21	33	767	111861	112594	2.05e-122	448
NC_001393.1	NZ_CP069565.1	78.592	710	129	19	69	767	457572	456875	2.05e-122	448
NC_001393.1	NZ_CP069470.1	78.592	710	129	19	69	767	2734363	2733666	2.05e-122	448
NC_001393.1	NZ_CP055225.1	78.046	747	139	21	33	767	169585	170318	2.05e-122	448
NC_001393.1	NZ_AP023034.1	78.046	747	139	21	33	767	157776	158509	2.05e-122	448
NC_001393.1	NZ_CP053639.1	78.046	747	139	21	33	767	887040	887773	2.05e-122	448
NC_001393.1	NZ_CP053353.1	78.046	747	139	21	33	767	835500	836233	2.05e-122	448
NC_001393.1	NZ_CP047809.1	78.046	747	139	21	33	767	2065625	2066358	2.05e-122	448
NC_001393.1	NZ_CP047852.1	78.592	710	129	19	69	767	1899649	1898952	2.05e-122	448
NC_001393.1	NZ_CP047849.1	78.592	710	129	19	69	767	1875866	1875169	2.05e-122	448
NC_001393.1	NZ_CP047830.1	78.046	747	139	21	33	767	114206	114939	2.05e-122	448
NC_001393.1	NZ_CP047835.1	78.592	710	129	19	69	767	1899887	1899190	2.05e-122	448
NC_001393.1	NZ_CP047820.1	78.592	710	129	19	69	767	1884473	1883776	2.05e-122	448
NC_001393.1	NZ_CP047789.1	78.592	710	129	19	69	767	1927666	1926969	2.05e-122	448
NC_001393.1	NZ_AP020318.1	78.592	710	129	19	69	767	1918464	1917767	2.05e-122	448
NC_001393.1	NZ_AP020313.1	78.592	710	129	19	69	767	1922086	1921389	2.05e-122	448
NC_001393.1	NZ_AP020311.1	78.592	710	129	19	69	767	1902732	1902035	2.05e-122	448
NC_001393.1	NZ_CP043302.1	78.592	710	129	19	69	767	998215	997518	2.05e-122	448
NC_001393.1	NZ_CP031890.1	78.046	747	139	21	33	767	168187	168920	2.05e-122	448
NC_001393.1	NZ_CP031888.1	78.046	747	139	21	33	767	168175	168908	2.05e-122	448
NC_001393.1	NZ_CP043389.1	78.046	747	139	21	33	767	169038	169771	2.05e-122	448
NC_001393.1	NZ_CP043392.1	78.046	747	139	21	33	767	169038	169771	2.05e-122	448
NC_001393.1	NZ_CP043386.1	78.046	747	139	21	33	767	169038	169771	2.05e-122	448
NC_001393.1	NZ_CP042348.1	78.046	747	139	21	33	767	169041	169774	2.05e-122	448
NC_001393.1	NZ_CP042346.1	78.046	747	139	21	33	767	169041	169774	2.05e-122	448
NC_001393.1	NZ_CP040998.1	78.592	710	129	19	69	767	1607146	1606449	2.05e-122	448
NC_001393.1	NZ_CP035101.1	78.046	747	139	21	33	767	112757	113490	2.05e-122	448
NC_001393.1	NZ_CP040619.1	78.046	747	139	21	33	767	145521	146254	2.05e-122	448
NC_001393.1	NZ_CP040560.1	78.046	747	139	21	33	767	137559	138292	2.05e-122	448
NC_001393.1	NZ_CP020960.1	78.046	747	139	21	33	767	162605	163338	2.05e-122	448
NC_001393.1	NZ_CP020956.1	78.046	747	139	21	33	767	138066	138799	2.05e-122	448
NC_001393.1	NZ_CP020959.1	78.046	747	139	21	33	767	114054	114787	2.05e-122	448
NC_001393.1	NZ_CP020957.1	78.046	747	139	21	33	767	113999	114732	2.05e-122	448
NC_001393.1	NZ_CP030137.1	78.592	710	129	19	69	767	2651508	2650811	2.05e-122	448
NC_001393.1	NZ_CP035369.1	78.592	710	129	19	69	767	1942492	1941795	2.05e-122	448
NC_001393.1	NZ_CP014387.1	78.046	747	139	21	33	767	168576	169309	2.05e-122	448
NC_001393.1	NZ_CP014384.1	78.046	747	139	21	33	767	168611	169344	2.05e-122	448
NC_001393.1	NZ_CP014381.1	78.046	747	139	21	33	767	168652	169385	2.05e-122	448
NC_001393.1	NZ_CP014376.1	78.046	747	139	21	33	767	168576	169309	2.05e-122	448
NC_001393.1	NZ_CP014371.1	78.046	747	139	21	33	767	168576	169309	2.05e-122	448
NC_001393.1	NZ_CP014368.1	78.046	747	139	21	33	767	168652	169385	2.05e-122	448
NC_001393.1	NZ_CP014365.1	78.046	747	139	21	33	767	168533	169266	2.05e-122	448
NC_001393.1	NZ_CP014362.1	78.046	747	139	21	33	767	168533	169266	2.05e-122	448
NC_001393.1	NZ_CP031673.1	78.046	747	139	21	33	767	113531	114264	2.05e-122	448
NC_001393.1	NZ_CP031670.1	78.046	747	139	21	33	767	131160	131893	2.05e-122	448
NC_001393.1	NZ_CP031661.1	78.046	747	139	21	33	767	113526	114259	2.05e-122	448
NC_001393.1	NZ_CP031664.1	78.046	747	139	21	33	767	113526	114259	2.05e-122	448
NC_001393.1	NZ_CP031667.1	78.046	747	139	21	33	767	131160	131893	2.05e-122	448
NC_001393.1	NZ_CP022910.1	78.046	747	139	21	33	767	113520	114253	2.05e-122	448
NC_001393.1	NZ_CP022892.1	78.046	747	139	21	33	767	113520	114253	2.05e-122	448
NC_001393.1	NZ_CP029664.1	78.592	710	129	19	69	767	2534863	2534166	2.05e-122	448
NC_001393.1	NZ_CP029667.1	78.592	710	129	19	69	767	2668889	2668192	2.05e-122	448
NC_001393.1	NZ_CP029678.1	78.046	747	139	21	33	767	167347	168080	2.05e-122	448
NC_001393.1	NZ_CP029669.1	78.592	710	129	19	69	767	2077124	2076427	2.05e-122	448
NC_001393.1	NZ_CP029166.1	78.046	747	139	21	33	767	146363	147096	2.05e-122	448
NC_001393.1	NZ_CP029032.1	78.046	747	139	21	33	767	168817	169550	2.05e-122	448
NC_001393.1	NZ_CP029030.1	78.046	747	139	21	33	767	168817	169550	2.05e-122	448
NC_001393.1	NZ_CP029031.1	78.046	747	139	21	33	767	168817	169550	2.05e-122	448
NC_001393.1	NZ_CP023561.1	78.046	747	139	21	33	767	439465	440198	2.05e-122	448
NC_001393.1	NZ_CP022290.1	78.046	747	139	21	33	767	111901	112634	2.05e-122	448
NC_001393.1	NZ_CP023500.1	78.046	747	139	21	33	767	2629102	2629835	2.05e-122	448
NC_001393.1	NZ_AP014921.1	78.046	747	139	21	33	767	135955	136688	2.05e-122	448
NC_001393.1	NZ_AP017377.1	78.046	747	139	21	33	767	150153	150886	2.05e-122	448
NC_001393.1	NZ_CP023390.1	78.046	747	139	21	33	767	114078	114811	2.05e-122	448
NC_001393.1	NZ_CP023391.1	78.046	747	139	21	33	767	114078	114811	2.05e-122	448
NC_001393.1	NZ_CP019590.1	78.046	747	139	21	33	767	169499	170232	2.05e-122	448
NC_001393.1	NZ_CP020619.1	78.046	747	139	21	33	767	169042	169775	2.05e-122	448
NC_001393.1	NZ_CP014444.1	78.046	747	139	21	33	767	168656	169389	2.05e-122	448
NC_001393.1	NZ_CP014441.1	78.046	747	139	21	33	767	168654	169387	2.05e-122	448
NC_001393.1	NZ_CP014438.1	78.046	747	139	21	33	767	168654	169387	2.05e-122	448
NC_001393.1	NZ_CP014435.1	78.046	747	139	21	33	767	168652	169385	2.05e-122	448
NC_001393.1	NZ_CP014432.1	78.046	747	139	21	33	767	168654	169387	2.05e-122	448
NC_001393.1	NZ_CP014429.1	78.046	747	139	21	33	767	168652	169385	2.05e-122	448
NC_001393.1	NZ_CP014426.1	78.046	747	139	21	33	767	168652	169385	2.05e-122	448
NC_001393.1	NZ_CP014423.1	78.046	747	139	21	33	767	168652	169385	2.05e-122	448
NC_001393.1	NZ_CP014420.1	78.046	747	139	21	33	767	168652	169385	2.05e-122	448
NC_001393.1	NZ_CP014415.1	78.046	747	139	21	33	767	168656	169389	2.05e-122	448
NC_001393.1	NZ_CP014412.1	78.046	747	139	21	33	767	168652	169385	2.05e-122	448
NC_001393.1	NZ_CP014409.1	78.046	747	139	21	33	767	168652	169385	2.05e-122	448
NC_001393.1	NZ_CP014407.1	78.046	747	139	21	33	767	168656	169389	2.05e-122	448
NC_001393.1	NZ_CP014402.1	78.046	747	139	21	33	767	168576	169309	2.05e-122	448
NC_001393.1	NZ_CP014397.1	78.046	747	139	21	33	767	168576	169309	2.05e-122	448
NC_001393.1	NZ_CP014392.1	78.046	747	139	21	33	767	168576	169309	2.05e-122	448
NC_001393.1	NZ_CP009423.1	78.046	747	139	21	33	767	168533	169266	2.05e-122	448
NC_001393.1	NZ_CP018205.1	78.046	747	139	21	33	767	114100	114833	2.05e-122	448
NC_001393.1	NZ_CP025495.1	78.592	710	129	19	69	767	1203087	1202390	2.05e-122	448
NC_001393.1	NZ_CP017094.1	78.592	710	129	19	69	767	1908491	1907794	2.05e-122	448
NC_001393.1	NZ_CP016863.1	78.592	710	129	19	69	767	2785881	2785184	2.05e-122	448
NC_001393.1	NZ_CP016861.1	78.592	710	129	19	69	767	1203087	1202390	2.05e-122	448
NC_001393.1	NZ_CP016858.1	78.592	710	129	19	69	767	1211928	1211231	2.05e-122	448
NC_001393.1	NZ_CP016855.1	78.592	710	129	19	69	767	1902645	1901948	2.05e-122	448
NC_001393.1	NZ_CP012974.1	78.046	747	139	21	33	767	111908	112641	2.05e-122	448
NC_001393.1	NZ_CP012976.1	78.046	747	139	21	33	767	111908	112641	2.05e-122	448
NC_001393.1	NZ_CP013231.1	78.046	747	139	21	33	767	2073328	2074061	2.05e-122	448
NC_001393.1	NZ_CP012120.2	78.592	710	129	19	69	767	1203088	1202391	2.05e-122	448
NC_001393.1	NZ_CP012119.2	78.046	747	139	21	33	767	2193280	2194013	2.05e-122	448
NC_001393.1	NZ_CP007657.1	78.046	747	139	21	33	767	138102	138835	2.05e-122	448
NC_001393.1	NZ_CP007676.1	78.046	747	139	21	33	767	134427	135160	2.05e-122	448
NC_001393.1	NZ_CP007672.1	78.046	747	139	21	33	767	158340	159073	2.05e-122	448
NC_001393.1	NZ_CP011526.1	78.046	747	139	21	33	767	113300	114033	2.05e-122	448
NC_001393.1	NZ_CP007674.1	78.046	747	139	21	33	767	141893	142626	2.05e-122	448
NC_001393.1	NZ_CP007670.1	78.046	747	139	21	33	767	158205	158938	2.05e-122	448
NC_001393.1	NZ_CP026072.1	78.592	710	129	19	69	767	1499943	1499246	2.05e-122	448
NC_001393.1	NZ_CP026068.1	78.046	747	139	21	33	767	2311716	2312449	2.05e-122	448
NC_001393.1	NZ_CP026077.1	78.046	747	139	21	33	767	853686	854419	2.05e-122	448
NC_001393.1	NZ_CP026070.1	78.592	710	129	19	69	767	922118	921421	2.05e-122	448
NC_001393.1	NZ_CP026960.1	78.046	747	139	21	33	767	2275862	2276595	2.05e-122	448
NC_001393.1	NZ_CP026080.1	78.592	710	129	19	69	767	1890619	1889922	2.05e-122	448
NC_001393.1	NZ_CP026076.1	78.046	747	139	21	33	767	1015816	1016549	2.05e-122	448
NC_001393.1	NZ_CP026962.1	78.046	747	139	21	33	767	255515	256248	2.05e-122	448
NC_001393.1	NZ_CP010300.1	78.046	747	139	21	33	767	168819	169552	2.05e-122	448
NC_001393.1	NZ_CP010299.1	78.046	747	139	21	33	767	168819	169552	2.05e-122	448
NC_001393.1	NZ_CP010298.1	78.046	747	139	21	33	767	168818	169551	2.05e-122	448
NC_001393.1	NZ_CP010297.1	78.046	747	139	21	33	767	168819	169552	2.05e-122	448
NC_001393.1	NZ_CP010296.1	78.046	747	139	21	33	767	168819	169552	2.05e-122	448
NC_001393.1	NZ_CP010295.1	78.046	747	139	21	33	767	168819	169552	2.05e-122	448
NC_001393.1	NZ_CP007499.1	78.046	747	139	21	33	767	145693	146426	2.05e-122	448
NC_001393.1	NZ_CP007690.1	78.046	747	139	21	33	767	168711	169444	2.05e-122	448
NC_001393.1	NZ_CP007176.1	78.046	747	139	21	33	767	169529	170262	2.05e-122	448
NC_001393.1	NC_016912.1	78.046	747	139	21	33	767	114099	114832	2.05e-122	448
NC_001393.1	NC_010079.1	78.046	747	139	21	33	767	168711	169444	2.05e-122	448
NC_001393.1	NC_007793.1	78.046	747	139	21	33	767	168817	169550	2.05e-122	448
NC_001393.1	NC_007795.1	78.046	747	139	21	33	767	114101	114834	2.05e-122	448
NC_001393.1	NC_009641.1	78.046	747	139	21	33	767	114078	114811	2.05e-122	448
NC_001393.1	NZ_OX344719.1	78.451	710	130	19	69	767	2009512	2008815	9.52e-121	442
NC_001393.1	NZ_LR130509.1	78.451	710	130	19	69	767	115517	116214	9.52e-121	442
NC_001393.1	NZ_CP151254.1	78.451	710	130	19	69	767	103977	104674	9.52e-121	442
NC_001393.1	NZ_CP151144.1	78.451	710	130	19	69	767	103979	104676	9.52e-121	442
NC_001393.1	NZ_CP150733.1	78.451	710	130	19	69	767	221118	220421	9.52e-121	442
NC_001393.1	NZ_CP150731.1	78.451	710	130	19	69	767	1236984	1237681	9.52e-121	442
NC_001393.1	NZ_CP150729.1	78.451	710	130	19	69	767	2099325	2098628	9.52e-121	442
NC_001393.1	NZ_CP150727.1	78.451	710	130	19	69	767	2600099	2600796	9.52e-121	442
NC_001393.1	NZ_CP147831.1	78.451	710	130	19	69	767	103158	103855	9.52e-121	442
NC_001393.1	NZ_AP029054.1	78.451	710	130	19	69	767	139731	140428	9.52e-121	442
NC_001393.1	NZ_CP138662.1	78.451	710	130	19	69	767	1889936	1889239	9.52e-121	442
NC_001393.1	NZ_CP134618.1	78.451	710	130	19	69	767	1443451	1442754	9.52e-121	442
NC_001393.1	NZ_CP085320.1	77.912	747	140	21	33	767	199158	199891	9.52e-121	442
NC_001393.1	NZ_CP134533.1	78.451	710	130	19	69	767	2624015	2623318	9.52e-121	442
NC_001393.1	NZ_CP134047.1	78.451	710	130	19	69	767	135346	136043	9.52e-121	442
NC_001393.1	NZ_CP133660.1	78.451	710	130	19	69	767	2734182	2733485	9.52e-121	442
NC_001393.1	NZ_CP132368.1	78.451	710	130	19	69	767	433073	433770	9.52e-121	442
NC_001393.1	NZ_CP130513.1	78.451	710	130	19	69	767	138213	138910	9.52e-121	442
NC_001393.1	NZ_CP129360.1	77.912	747	140	21	33	767	162313	163046	9.52e-121	442
NC_001393.1	NZ_CP094928.1	78.451	710	130	19	69	767	115443	116140	9.52e-121	442
NC_001393.1	NZ_CP118044.1	78.451	710	130	19	69	767	103323	104020	9.52e-121	442
NC_001393.1	NZ_CP117242.1	77.912	747	140	21	33	767	113555	114288	9.52e-121	442
NC_001393.1	NZ_AP024742.1	78.451	710	130	19	69	767	140002	140699	9.52e-121	442
NC_001393.1	NZ_AP024738.1	78.451	710	130	19	69	767	137530	138227	9.52e-121	442
NC_001393.1	NZ_AP024736.1	78.451	710	130	19	69	767	137192	137889	9.52e-121	442
NC_001393.1	NZ_AP024734.1	78.451	710	130	19	69	767	140183	140880	9.52e-121	442
NC_001393.1	NZ_AP024732.1	78.451	710	130	19	69	767	139942	140639	9.52e-121	442
NC_001393.1	NZ_AP024730.1	78.451	710	130	19	69	767	140073	140770	9.52e-121	442
NC_001393.1	NZ_AP024728.1	78.451	710	130	19	69	767	140184	140881	9.52e-121	442
NC_001393.1	NZ_AP024726.1	78.451	710	130	19	69	767	136124	136821	9.52e-121	442
NC_001393.1	NZ_AP024723.1	78.451	710	130	19	69	767	140218	140915	9.52e-121	442
NC_001393.1	NZ_CP091523.1	78.451	710	130	19	69	767	1946575	1945878	9.52e-121	442
NC_001393.1	NZ_CP064389.1	78.451	710	130	19	69	767	2795283	2794586	9.52e-121	442
NC_001393.1	NZ_CP062419.1	78.451	710	130	19	69	767	1894659	1893962	9.52e-121	442
NC_001393.1	NZ_CP062416.1	78.451	710	130	19	69	767	1892515	1891818	9.52e-121	442
NC_001393.1	NZ_CP062414.1	78.451	710	130	19	69	767	1893019	1892322	9.52e-121	442
NC_001393.1	NZ_CP062412.1	78.451	710	130	19	69	767	1892165	1891468	9.52e-121	442
NC_001393.1	NZ_CP062408.1	78.451	710	130	19	69	767	1920763	1920066	9.52e-121	442
NC_001393.1	NZ_CP062402.1	78.451	710	130	19	69	767	103412	104109	9.52e-121	442
NC_001393.1	NZ_CP062386.1	78.451	710	130	19	69	767	1882324	1881627	9.52e-121	442
NC_001393.1	NZ_CP062362.1	78.451	710	130	19	69	767	1880435	1879738	9.52e-121	442
NC_001393.1	NZ_CP062348.1	78.451	710	130	19	69	767	2662217	2662914	9.52e-121	442
NC_001393.1	NZ_CP062329.1	78.451	710	130	19	69	767	1867026	1866329	9.52e-121	442
NC_001393.1	NZ_CP090001.1	77.912	747	140	21	33	767	113584	114317	9.52e-121	442
NC_001393.1	NZ_CP082789.1	78.451	710	130	19	69	767	142123	142820	9.52e-121	442
NC_001393.1	NZ_CP080564.1	78.451	710	130	19	69	767	129561	130258	9.52e-121	442
NC_001393.1	NZ_CP080551.1	78.451	710	130	19	69	767	124207	124904	9.52e-121	442
NC_001393.1	NZ_CP070986.1	78.451	710	130	19	69	767	160902	161599	9.52e-121	442
NC_001393.1	NZ_CP066488.1	78.451	710	130	19	69	767	114424	115121	9.52e-121	442
NC_001393.1	NZ_CP065515.1	78.451	710	130	19	69	767	187654	188351	9.52e-121	442
NC_001393.1	NZ_CP051483.1	78.451	710	130	19	69	767	1937978	1937281	9.52e-121	442
NC_001393.1	NZ_CP054876.1	77.912	747	140	21	33	767	149440	150173	9.52e-121	442
NC_001393.1	NZ_CP047790.1	78.451	710	130	19	69	767	1896213	1895516	9.52e-121	442
NC_001393.1	NZ_CP042650.1	77.912	747	140	21	33	767	117515	118248	9.52e-121	442
NC_001393.1	NZ_CP031265.1	78.451	710	130	19	69	767	115504	116201	9.52e-121	442
NC_001393.1	NZ_AP019751.1	78.451	710	130	19	69	767	172535	173232	9.52e-121	442
NC_001393.1	NZ_CP041010.1	77.912	747	140	21	33	767	2683957	2684690	9.52e-121	442
NC_001393.1	NZ_CP034486.1	78.451	710	130	19	69	767	2254406	2255103	9.52e-121	442
NC_001393.1	NZ_CP034441.1	78.451	710	130	19	69	767	1276011	1275314	9.52e-121	442
NC_001393.1	NZ_AP018923.1	78.451	710	130	19	69	767	139665	140362	9.52e-121	442
NC_001393.1	NZ_CP022607.1	78.451	710	130	19	69	767	103167	103864	9.52e-121	442
NC_001393.1	NZ_CP031130.1	78.451	710	130	19	69	767	85542	86239	9.52e-121	442
NC_001393.1	NZ_CP031131.1	78.451	710	130	19	69	767	110353	111050	9.52e-121	442
NC_001393.1	NZ_CP029681.1	78.451	710	130	19	69	767	2280402	2279705	9.52e-121	442
NC_001393.1	NZ_CP029649.1	78.451	710	130	19	69	767	1654332	1653635	9.52e-121	442
NC_001393.1	NZ_CP019574.1	78.451	710	130	19	69	767	139921	140618	9.52e-121	442
NC_001393.1	NZ_CP017680.1	78.451	710	130	19	69	767	115492	116189	9.52e-121	442
NC_001393.1	NZ_CP016398.1	78.451	710	130	19	69	767	129559	130256	9.52e-121	442
NC_001393.1	NZ_CP017115.1	78.451	710	130	19	69	767	140988	141685	9.52e-121	442
NC_001393.1	NZ_CP013132.1	78.451	710	130	19	69	767	137841	138538	9.52e-121	442
NC_001393.1	NZ_CP016856.1	78.451	710	130	19	69	767	1280331	1279634	9.52e-121	442
NC_001393.1	NZ_CP010998.1	78.451	710	130	19	69	767	2119236	2119933	9.52e-121	442
NC_001393.1	NZ_AP014653.1	78.451	710	130	19	69	767	131407	132104	9.52e-121	442
NC_001393.1	NZ_AP014652.1	78.451	710	130	19	69	767	131407	132104	9.52e-121	442
NC_001393.1	NZ_LN831036.1	77.912	747	140	21	33	767	143639	144372	9.52e-121	442
NC_001393.1	NZ_CP010402.1	77.912	747	140	21	33	767	144270	145003	9.52e-121	442
NC_001393.1	NZ_CP026073.1	78.451	710	130	19	69	767	1982933	1982236	9.52e-121	442
NC_001393.1	NZ_CP026957.1	78.451	710	130	19	69	767	1994343	1993646	9.52e-121	442
NC_001393.1	NZ_CP026964.1	78.451	710	130	19	69	767	624110	623413	9.52e-121	442
NC_001393.1	NC_022226.1	78.451	710	130	19	69	767	130076	130773	9.52e-121	442
NC_001393.1	NC_017351.1	77.912	747	140	21	33	767	155851	156584	9.52e-121	442
NC_001393.1	NC_002951.2	77.912	747	140	21	33	767	148014	148747	9.52e-121	442
NC_001393.1	NC_002953.3	78.451	710	130	19	69	767	138866	139563	9.52e-121	442
NC_001393.1	NC_003923.1	78.451	710	130	19	69	767	140160	140857	9.52e-121	442
NC_001393.1	NZ_CP130544.1	77.778	747	141	21	33	767	147584	148317	4.43e-119	436
NC_001393.1	NZ_CP060491.1	77.778	747	141	21	33	767	170520	171253	4.43e-119	436
NC_001393.1	NZ_CP058613.1	77.778	747	141	21	33	767	141258	141991	4.43e-119	436
NC_001393.1	NZ_CP058615.1	77.778	747	141	21	33	767	170939	171672	4.43e-119	436
NC_001393.1	NZ_CP045435.1	78.310	710	131	19	69	767	141704	142401	4.43e-119	436
NC_001393.1	NZ_CP047321.1	77.778	747	141	21	33	767	125362	126095	4.43e-119	436
NC_001393.1	NZ_CP138362.1	77.689	753	137	23	33	767	128363	129102	2.06e-117	431
NC_001393.1	NZ_LS483316.1	82.464	422	71	3	33	453	136063	136482	5.89e-98	366
NC_001393.1	NZ_CP131663.1	84.795	342	52	0	42	383	2694535	2694194	2.76e-91	344
NC_001393.1	NZ_CP131663.1	77.049	427	87	10	370	790	2695627	2696048	1.73e-58	235
NC_001393.1	NZ_CP131663.1	96.721	61	2	0	2347	2407	2696926	2696986	1.83e-18	102
NC_001393.1	NZ_CP130531.1	84.795	342	52	0	42	383	2582831	2582490	2.76e-91	344
NC_001393.1	NZ_CP130531.1	77.049	427	87	10	370	790	2583923	2584344	1.73e-58	235
NC_001393.1	NZ_CP130531.1	96.721	61	2	0	2347	2407	2585222	2585282	1.83e-18	102
NC_001393.1	NZ_CP130528.1	84.795	342	52	0	42	383	2666699	2666358	2.76e-91	344
NC_001393.1	NZ_CP130528.1	77.049	427	87	10	370	790	2667792	2668213	1.73e-58	235
NC_001393.1	NZ_CP130528.1	96.721	61	2	0	2347	2407	2669091	2669151	1.83e-18	102
NC_001393.1	NZ_CP113049.1	84.795	342	52	0	42	383	2098646	2098987	2.76e-91	344
NC_001393.1	NZ_CP113049.1	76.977	430	88	10	370	793	2097551	2097127	1.73e-58	235
NC_001393.1	NZ_CP113049.1	96.721	61	2	0	2347	2407	2096252	2096192	1.83e-18	102
NC_001393.1	NZ_CP113027.1	84.795	342	52	0	42	383	678815	679156	2.76e-91	344
NC_001393.1	NZ_CP113027.1	76.977	430	88	10	370	793	677722	677298	1.73e-58	235
NC_001393.1	NZ_CP113027.1	96.721	61	2	0	2347	2407	676423	676363	1.83e-18	102
NC_001393.1	NZ_CP092447.1	84.795	342	52	0	42	383	2582080	2581739	2.76e-91	344
NC_001393.1	NZ_CP092447.1	77.049	427	87	10	370	790	2583173	2583594	1.73e-58	235
NC_001393.1	NZ_CP092447.1	96.721	61	2	0	2347	2407	2584472	2584532	1.83e-18	102
NC_001393.1	NZ_CP099504.1	84.795	342	52	0	42	383	1717839	1718180	2.76e-91	344
NC_001393.1	NZ_CP099504.1	76.977	430	88	10	370	793	1716746	1716322	1.73e-58	235
NC_001393.1	NZ_CP099504.1	96.721	61	2	0	2347	2407	1715447	1715387	1.83e-18	102
NC_001393.1	NZ_CP053185.1	84.795	342	52	0	42	383	2696041	2695700	2.76e-91	344
NC_001393.1	NZ_CP053070.1	84.795	342	52	0	42	383	2710315	2709974	2.76e-91	344
NC_001393.1	NZ_CP053070.1	77.049	427	87	10	370	790	2711408	2711829	1.73e-58	235
NC_001393.1	NZ_CP053070.1	96.721	61	2	0	2347	2407	2712707	2712767	1.83e-18	102
NC_001393.1	NZ_CP045472.1	84.795	342	52	0	42	383	1715215	1715556	2.76e-91	344
NC_001393.1	NZ_CP045472.1	76.977	430	88	10	370	793	1714122	1713698	1.73e-58	235
NC_001393.1	NZ_CP045472.1	96.721	61	2	0	2347	2407	1712823	1712763	1.83e-18	102
NC_001393.1	NZ_CP039448.1	84.795	342	52	0	42	383	2712323	2711982	2.76e-91	344
NC_001393.1	NZ_CP020741.1	84.795	342	52	0	42	383	2686560	2686219	2.76e-91	344
NC_001393.1	NZ_CP020741.1	77.049	427	87	10	370	790	2687652	2688073	1.73e-58	235
NC_001393.1	NZ_CP020741.1	96.721	61	2	0	2347	2407	2688951	2689011	1.83e-18	102
NC_001393.1	NZ_CP006630.1	84.795	342	52	0	42	383	2688663	2688322	2.76e-91	344
NC_001393.1	NZ_CP096525.1	93.038	158	8	3	3771	3926	2833	2989	2.90e-56	228
NC_001393.1	NZ_CP090375.1	91.772	158	10	3	3771	3926	438633	438789	6.28e-53	217
NC_001393.1	NZ_CP090407.1	91.772	158	10	3	3771	3926	482529	482685	6.28e-53	217
NC_001393.1	NZ_CP135967.1	87.421	159	17	2	3771	3926	1087	1245	8.24e-42	180
NC_001393.1	NZ_CP047823.1	86.250	160	18	4	3771	3926	677	518	4.96e-39	171
NC_001393.1	NZ_CP015175.1	86.250	160	18	3	3771	3926	421	580	4.96e-39	171
NC_001393.1	NZ_CP126628.1	97.222	72	2	0	3855	3926	46144	46215	1.41e-24	122
NC_001393.1	NZ_CP082814.1	97.222	72	2	0	3855	3926	12429	12500	1.41e-24	122
NC_001393.1	NZ_LR134087.1	98.361	61	1	0	2347	2407	82979	82919	3.94e-20	108
NC_001393.1	NZ_LS483324.1	98.361	61	1	0	2347	2407	82980	82920	3.94e-20	108
NC_001393.1	NZ_CP071105.1	84.058	69	9	2	4068	4134	1587	1519	2.41e-07	65.8
NC_001393.1	NZ_CP015174.1	85.714	63	7	2	4068	4128	951	1013	2.41e-07	65.8
